124 games over 31 pairs, 12 at a time
[1/113] 0.2m juju 0-1 evil (resign, 40 plies, 13s)
[2/113] 0.2m tiny 0-1 ziggy (mate, 40 plies, 13s)
[3/113] 0.2m evil 0-1 bram (mate, 44 plies, 15s)
[4/113] 0.3m tato 0-1 tiny (adjudicated, 60 plies, 15s)
[5/113] 0.3m pip 1-0 tiny (adjudicated, 60 plies, 16s)
[6/113] 0.3m tiny 0-1 wren (adjudicated, 60 plies, 17s)
[7/113] 0.3m casey 1-0 evil (mate, 61 plies, 19s)
[8/113] 0.4m ida 1-0 dagger (adjudicated, 60 plies, 23s)
[9/113] 0.8m mean 1-0 sf2200 (adjudicated, 60 plies, 32s)
[10/113] 0.9m sf1600 1-0 dagger (adjudicated, 96 plies, 51s)
[11/113] 1.0m dagger 1-0 blaze (mate, 69 plies, 60s)
[12/113] 1.0m evil 0-1 cleo (adjudicated, 205 plies, 62s)
[13/113] 1.1m morphy 1-0 mean (mate, 65 plies, 52s)
[14/113] 1.2m dagger 1-0 sacky (mate, 83 plies, 73s)
[15/113] 1.2m mean 0-1 hustler (mate, 104 plies, 55s)
[16/113] 1.3m gambit 0-1 mean (adjudicated, 145 plies, 65s)
[17/113] 1.6m pyro 1-0 tal (resign, 53 plies, 44s)
[18/113] 1.6m badgyal 0-1 topalov (resign, 26 plies, 24s)
[19/113] 1.6m badgyal 0-1 spassky (mate, 32 plies, 24s)
[20/113] 1.7m pyro 0-1 petrosian (resign, 50 plies, 42s)
[21/113] 1.7m nimzo 1-0 pyro (resign, 63 plies, 55s)
[22/113] 1.7m hustler 1-0 nimzo (resign, 89 plies, 81s)
[23/113] 1.8m petrosian 1-0 badgyal (resign, 49 plies, 46s)
[24/113] 1.9m ziggy 0-1 tiny (resign, 24 plies, 7s)
[25/113] 1.9m boa 0-1 gambit (mate, 118 plies, 103s)
[26/113] 2.1m patricia 0-1 karpov (resign, 34 plies, 25s)
[27/113] 2.1m wren 1-0 tiny (adjudicated, 78 plies, 20s)
[28/113] 2.2m sf2500 0-1 badgyal (mate, 92 plies, 63s)
[29/113] 2.2m evil 0-1 casey (resign, 46 plies, 15s)
[30/113] 2.2m evil 1-0 juju (mate, 63 plies, 18s)
[31/113] 2.2m tiny 1-0 tato (adjudicated, 132 plies, 33s)
[32/113] 2.4m tiny 1-0 pip (adjudicated, 154 plies, 37s)
[33/113] 2.4m cleo 1-0 evil (adjudicated, 62 plies, 18s)
[34/113] 2.4m bram 0-1 evil (resign, 68 plies, 20s)
[35/113] 2.4m gambit ½-½ sf2200 (cap, 240 plies, 130s)
[36/113] 2.5m dagger 0-1 ida (adjudicated, 60 plies, 21s)
[37/113] 2.5m topalov 0-1 patricia (resign, 72 plies, 72s)
[38/113] 2.6m dagger 1-0 sf1600 (mate, 53 plies, 26s)
[39/113] 2.7m mean 1-0 gambit (resign, 41 plies, 18s)
[40/113] 3.0m gambit 1-0 boa (mate, 51 plies, 41s)
[41/113] 3.1m morphy 0-1 gambit (mate, 194 plies, 170s)
[42/113] 3.1m blaze 1-0 dagger (adjudicated, 60 plies, 52s)
[43/113] 3.2m patricia 1-0 fischer (resign, 105 plies, 97s)
[44/113] 3.2m sacky 0-1 dagger (mate, 68 plies, 59s)
[45/113] 3.4m hustler 1-0 mean (resign, 83 plies, 45s)
[46/113] 3.5m spassky 0-1 patricia (mate, 132 plies, 118s)
[47/113] 3.6m gambit 0-1 morphy (adjudicated, 85 plies, 73s)
[48/113] 3.7m pyro ½-½ nimzo (repetition, 48 plies, 41s)
[49/113] 3.9m nimzo 0-1 hustler (resign, 76 plies, 70s)
[50/113] 3.9m badgyal 1-0 sf2500 (mate, 61 plies, 42s)
[51/113] 4.1m mean 0-1 morphy (mate, 118 plies, 100s)
[52/113] 4.1m sf2200 1-0 mean (mate, 173 plies, 93s)
[53/113] 4.2m topalov 1-0 badgyal (mate, 51 plies, 47s)
[54/113] 4.2m spassky 1-0 badgyal (resign, 43 plies, 41s)
[55/113] 4.3m tato 1-0 tiny (mate, 47 plies, 11s)
[56/113] 4.3m sf2200 1-0 gambit (resign, 199 plies, 108s)
[57/113] 4.3m pip 1-0 tiny (adjudicated, 60 plies, 15s)
[58/113] 4.4m juju 1-0 evil (resign, 31 plies, 10s)
[59/113] 4.5m tiny 0-1 wren (adjudicated, 67 plies, 18s)
[60/113] 4.5m tiny 0-1 ziggy (adjudicated, 60 plies, 17s)
[61/113] 4.5m petrosian 0-1 pyro (resign, 100 plies, 88s)
[62/113] 4.5m evil 0-1 cleo (resign, 26 plies, 7s)
[63/113] 4.5m casey 0-1 evil (resign, 48 plies, 14s)
[64/113] 4.8m patricia 1-0 spassky (resign, 73 plies, 66s)
[65/113] 4.8m evil 0-1 bram (adjudicated, 103 plies, 30s)
[66/113] 5.0m fischer 1-0 patricia (resign, 73 plies, 67s)
[67/113] 5.0m sf1600 1-0 dagger (adjudicated, 60 plies, 32s)
[68/113] 5.1m boa 1-0 gambit (resign, 43 plies, 36s)
[69/113] 5.2m ida ½-½ dagger (repetition, 127 plies, 46s)
[70/113] 5.3m badgyal 1-0 petrosian (mate, 125 plies, 123s)
[71/113] 5.4m karpov 0-1 patricia (mate, 98 plies, 85s)
[72/113] 5.5m gambit 0-1 mean (resign, 74 plies, 32s)
[73/113] 5.6m dagger 0-1 sacky (adjudicated, 79 plies, 66s)
[74/113] 5.6m morphy 0-1 mean (resign, 62 plies, 49s)
[75/113] 5.6m patricia 1-0 topalov (mate, 125 plies, 124s)
[76/113] 5.8m mean 0-1 hustler (adjudicated, 67 plies, 35s)
[77/113] 6.0m dagger 1-0 blaze (resign, 99 plies, 86s)
[78/113] 6.0m hustler 1-0 nimzo (resign, 49 plies, 43s)
[79/113] 6.0m gambit 0-1 sf2200 (resign, 116 plies, 59s)
[80/113] 6.0m mean 0-1 sf2200 (mate, 98 plies, 53s)
[81/113] 6.2m petrosian 0-1 badgyal (resign, 40 plies, 33s)
[82/113] 6.2m tal ½-½ pyro (repetition, 214 plies, 190s)
[83/113] 6.4m tiny 1-0 tato (adjudicated, 60 plies, 12s)
[84/113] 6.5m patricia 0-1 karpov (resign, 20 plies, 16s)
[85/113] 6.5m nimzo 1-0 pyro (resign, 79 plies, 69s)
[86/113] 6.7m tiny 0-1 pip (adjudicated, 60 plies, 15s)
[87/113] 6.7m pyro 1-0 tal (resign, 79 plies, 69s)
[88/113] 6.8m wren 1-0 tiny (adjudicated, 98 plies, 23s)
[89/113] 6.9m sf2500 0-1 badgyal (mate, 116 plies, 78s)
[90/113] 7.0m evil 0-1 casey (resign, 60 plies, 17s)
[91/113] 7.0m morphy 0-1 gambit (adjudicated, 151 plies, 133s)
[92/113] 7.1m patricia 1-0 fischer (resign, 73 plies, 63s)
[93/113] 7.2m evil 1-0 juju (resign, 109 plies, 30s)
[94/113] 7.2m ziggy 1-0 tiny (adjudicated, 158 plies, 43s)
[95/113] 7.3m cleo 1-0 evil (adjudicated, 82 plies, 24s)
[96/113] 7.5m bram 1-0 evil (resign, 145 plies, 42s)
[97/113] 7.7m dagger 0-1 ida (mate, 114 plies, 41s)
[98/113] 7.9m pyro 1-0 petrosian (resign, 155 plies, 134s)
[99/113] 7.9m badgyal ½-½ spassky (repetition, 114 plies, 118s)
[100/113] 8.1m spassky 1-0 patricia (resign, 135 plies, 123s)
[101/113] 8.1m gambit 1-0 morphy (mate, 57 plies, 47s)
[102/113] 8.3m topalov ½-½ patricia (repetition, 135 plies, 138s)
[103/113] 8.4m mean 1-0 gambit (resign, 99 plies, 44s)
[104/113] 8.4m dagger 0-1 sf1600 (adjudicated, 153 plies, 82s)
[105/113] 8.4m badgyal ½-½ topalov (repetition, 141 plies, 156s)
[106/113] 8.4m sacky 0-1 dagger (mate, 86 plies, 75s)
[107/113] 8.5m blaze 0-1 dagger (adjudicated, 97 plies, 85s)
[108/113] 8.7m badgyal 1-0 petrosian (resign, 21 plies, 16s)
[109/113] 8.7m mean 0-1 morphy (mate, 84 plies, 71s)
[110/113] 8.7m hustler 1-0 mean (mate, 77 plies, 40s)
[111/113] 8.8m sf2200 0-1 gambit (mate, 104 plies, 53s)
[112/113] 8.8m gambit 0-1 boa (mate, 114 plies, 98s)
[113/113] 8.9m nimzo 0-1 hustler (resign, 48 plies, 44s)
[114/114] 8.9m tal 0-1 pyro (resign, 38 plies, 33s)
[115/115] 9.1m fischer 1-0 patricia (resign, 21 plies, 18s)
[116/116] 9.1m petrosian 1-0 pyro (resign, 47 plies, 41s)
[117/117] 9.1m topalov 1-0 badgyal (resign, 35 plies, 36s)
[118/118] 9.3m spassky 1-0 badgyal (resign, 43 plies, 39s)
[119/119] 9.5m patricia 1-0 topalov (resign, 49 plies, 46s)
[120/120] 9.5m badgyal ½-½ sf2500 (stalemate, 97 plies, 65s)
[121/121] 9.6m sf2200 0-1 mean (mate, 188 plies, 99s)
[122/122] 9.8m karpov 1-0 patricia (resign, 67 plies, 58s)
[123/123] 10.4m pyro ½-½ nimzo (repetition, 160 plies, 130s)
[124/124] 11.1m patricia 1-0 spassky (adjudicated, 174 plies, 141s)
