372 games over 93 pairs, 12 at a time
[1/361] 0.1m pip 0-1 wren (mate, 8 plies, 8s)
[2/361] 0.4m doug 1-0 nib (adjudicated, 72 plies, 21s)
[3/361] 0.4m nib 0-1 tato (mate, 44 plies, 23s)
[4/361] 0.5m mochi 0-1 nib (mate, 72 plies, 29s)
[5/361] 0.5m nib 0-1 pip (adjudicated, 60 plies, 30s)
[6/361] 0.5m wren 0-1 momo (adjudicated, 60 plies, 22s)
[7/361] 0.5m doug 0-1 mochi (adjudicated, 75 plies, 33s)
[8/361] 0.6m wren 0-1 fig (mate, 34 plies, 14s)
[9/361] 0.6m tato 0-1 pip (adjudicated, 93 plies, 35s)
[10/361] 0.7m beans 1-0 mochi (adjudicated, 152 plies, 44s)
[11/361] 0.8m fig 0-1 grumbles (mate, 20 plies, 19s)
[12/361] 0.9m fig 1-0 penny (mate, 37 plies, 21s)
[13/361] 1.0m tato 0-1 wren (adjudicated, 133 plies, 61s)
[14/361] 1.0m penny 1-0 ollie (resign, 45 plies, 26s)
[15/361] 1.1m grumbles 1-0 ollie (resign, 27 plies, 31s)
[16/361] 1.2m penny 0-1 grumbles (mate, 40 plies, 40s)
[17/361] 1.2m pip ½-½ momo (material, 133 plies, 75s)
[18/361] 1.3m mochi 0-1 tato (mate, 176 plies, 80s)
[19/361] 1.5m beans 0-1 doug (cap-material, 240 plies, 93s)
[20/361] 1.6m ollie 1-0 ziggy (resign, 67 plies, 50s)
[21/361] 1.7m ziggy 0-1 casey (resign, 50 plies, 38s)
[22/361] 1.8m momo 0-1 penny (adjudicated, 139 plies, 77s)
[23/361] 1.8m ziggy 0-1 juju (mate, 62 plies, 46s)
[24/361] 1.9m casey 0-1 sacky (mate, 28 plies, 37s)
[25/361] 1.9m juju 0-1 casey (adjudicated, 60 plies, 48s)
[26/361] 1.9m grumbles 1-0 ziggy (mate, 55 plies, 71s)
[27/361] 1.9m casey 1-0 bram (mate, 49 plies, 37s)
[28/361] 2.0m ollie 0-1 juju (adjudicated, 95 plies, 67s)
[29/361] 2.3m momo ½-½ fig (repetition, 188 plies, 113s)
[30/361] 2.3m juju 0-1 sacky (resign, 48 plies, 63s)
[31/361] 2.3m bram 1-0 juno (mate, 63 plies, 39s)
[32/361] 2.4m swap 1-0 cleo (resign, 29 plies, 27s)
[33/361] 2.4m sacky 1-0 bram (resign, 45 plies, 51s)
[34/361] 2.5m juno 0-1 swap (resign, 42 plies, 36s)
[35/361] 2.5m cleo 1-0 hugo (mate, 33 plies, 15s)
[36/361] 2.6m swap 1-0 hugo (resign, 39 plies, 37s)
[37/361] 2.6m sacky 1-0 juno (resign, 53 plies, 60s)
[38/361] 2.7m bram 0-1 sf1320 (resign, 68 plies, 58s)
[39/361] 2.9m hugo 0-1 basil (adjudicated, 61 plies, 27s)
[40/361] 3.0m hugo 0-1 blaze (resign, 44 plies, 43s)
[41/361] 3.1m blaze 1-0 basil (resign, 43 plies, 44s)
[42/361] 3.2m cleo 0-1 blaze (mate, 50 plies, 54s)
[43/361] 3.2m juno 0-1 sf1320 (mate, 100 plies, 84s)
[44/361] 3.3m sf1320 0-1 swap (mate, 68 plies, 82s)
[45/361] 3.3m basil 0-1 wanda (adjudicated, 97 plies, 47s)
[46/361] 3.3m wanda 0-1 sf1600 (mate, 54 plies, 42s)
[47/361] 3.4m basil 1-0 sf1600 (adjudicated, 60 plies, 46s)
[48/361] 3.5m sasha 1-0 piotr (resign, 45 plies, 19s)
[49/361] 3.6m blaze 1-0 wanda (adjudicated, 62 plies, 66s)
[50/361] 3.8m bunker 1-0 piotr (mate, 45 plies, 40s)
[51/361] 3.8m sf1320 1-0 cleo (adjudicated, 144 plies, 116s)
[52/361] 3.9m piotr 0-1 rook (mate, 84 plies, 36s)
[53/361] 4.0m bunker 1-0 sasha (resign, 55 plies, 52s)
[54/361] 4.0m sf1600 1-0 sasha (mate, 79 plies, 59s)
[55/361] 4.0m rook 0-1 ida (resign, 68 plies, 27s)
[56/361] 4.0m sasha 0-1 boa (mate, 50 plies, 46s)
[57/361] 4.1m boa 1-0 ida (mate, 39 plies, 35s)
[58/361] 4.1m wanda 0-1 bunker (mate, 80 plies, 82s)
[59/361] 4.3m ida 0-1 sf1900 (mate, 44 plies, 28s)
[60/361] 4.3m piotr 0-1 boa (mate, 68 plies, 64s)
[61/361] 4.4m boa 1-0 rook (adjudicated, 64 plies, 61s)
[62/361] 4.5m rook 0-1 sf1900 (mate, 60 plies, 39s)
[63/361] 4.7m sf1600 0-1 bunker (mate, 88 plies, 109s)
[64/361] 4.7m sf1900 0-1 morphy (mate, 36 plies, 41s)
[65/361] 4.8m sf1900 1-0 ezra (mate, 73 plies, 49s)
[66/361] 4.9m ezra 0-1 morphy (adjudicated, 60 plies, 52s)
[67/361] 4.9m ida ½-½ ezra (stalemate, 139 plies, 58s)
[68/361] 5.1m ezra 0-1 nimzo (mate, 68 plies, 64s)
[69/361] 5.4m morphy 0-1 petrosian (resign, 56 plies, 76s)
[70/361] 5.8m petrosian 1-0 tal (resign, 53 plies, 77s)
[71/361] 6.0m petrosian ½-½ sf2200 (repetition, 80 plies, 98s)
[72/361] 6.5m nimzo 0-1 petrosian (resign, 90 plies, 132s)
[73/361] 6.6m tal 0-1 spassky (resign, 86 plies, 100s)
[74/361] 6.7m tal ½-½ fischer (repetition, 97 plies, 112s)
[75/361] 6.7m sf2200 0-1 tal (mate, 102 plies, 124s)
[76/361] 6.9m spassky 1-0 karpov (resign, 65 plies, 90s)
[77/361] 7.0m sf2200 0-1 fischer (mate, 112 plies, 136s)
[78/361] 7.0m fischer ½-½ spassky (repetition, 81 plies, 125s)
[79/361] 7.0m karpov 1-0 sf2500 (mate, 51 plies, 60s)
[80/361] 7.2m fischer 0-1 karpov (resign, 82 plies, 125s)
[81/361] 7.4m morphy 0-1 nimzo (resign, 136 plies, 202s)
[82/361] 7.9m spassky 1-0 sf2500 (adjudicated, 106 plies, 125s)
[83/361] 8.0m sf2500 1-0 topalov (resign, 59 plies, 77s)
[84/361] 8.1m doug 1-0 beans (adjudicated, 60 plies, 13s)
[85/361] 8.2m topalov 0-1 yara (resign, 48 plies, 70s)
[86/361] 8.2m mochi 1-0 beans (adjudicated, 60 plies, 15s)
[87/361] 8.4m mochi 1-0 doug (adjudicated, 60 plies, 17s)
[88/361] 8.5m nib 0-1 doug (adjudicated, 60 plies, 17s)
[89/361] 8.5m nib 0-1 mochi (adjudicated, 61 plies, 15s)
[90/361] 8.6m sf2500 0-1 kasparov (adjudicated, 95 plies, 124s)
[91/361] 8.6m tato 0-1 mochi (adjudicated, 60 plies, 16s)
[92/361] 8.7m wren 1-0 tato (mate, 11 plies, 3s)
[93/361] 8.8m wren 1-0 pip (mate, 17 plies, 5s)
[94/361] 8.8m pip 1-0 nib (adjudicated, 68 plies, 21s)
[95/361] 8.8m tato 1-0 nib (adjudicated, 94 plies, 24s)
[96/361] 9.0m sf2800 0-1 yara (mate, 94 plies, 116s)
[97/361] 9.1m fig 1-0 wren (mate, 41 plies, 15s)
[98/361] 9.2m pip 0-1 tato (adjudicated, 107 plies, 34s)
[99/361] 9.2m momo 1-0 pip (adjudicated, 80 plies, 27s)
[100/361] 9.3m nimzo 0-1 sf2200 (cap-material, 240 plies, 296s)
[101/361] 9.5m fig 0-1 momo (adjudicated, 85 plies, 34s)
[102/361] 9.5m penny 1-0 fig (adjudicated, 60 plies, 22s)
[103/361] 9.6m penny 0-1 momo (adjudicated, 75 plies, 27s)
[104/361] 9.7m grumbles 1-0 penny (mate, 27 plies, 25s)
[105/361] 9.7m momo ½-½ wren (material, 145 plies, 53s)
[106/361] 9.9m ziggy 0-1 grumbles (resign, 24 plies, 21s)
[107/361] 9.9m juju 0-1 ollie (resign, 38 plies, 13s)
[108/361] 10.1m ziggy 0-1 ollie (resign, 68 plies, 25s)
[109/361] 10.1m casey 1-0 ziggy (resign, 33 plies, 12s)
[110/361] 10.1m grumbles 1-0 fig (adjudicated, 60 plies, 54s)
[111/361] 10.3m ollie 0-1 penny (adjudicated, 121 plies, 44s)
[112/361] 10.3m topalov ½-½ sf2800 (repetition, 149 plies, 200s)
[113/361] 10.4m ollie 0-1 grumbles (resign, 54 plies, 50s)
[114/361] 10.5m casey 0-1 juju (resign, 52 plies, 21s)
[115/361] 10.6m bram 1-0 casey (resign, 45 plies, 18s)
[116/361] 10.6m bram 0-1 sacky (mate, 20 plies, 17s)
[117/361] 10.7m kasparov 1-0 topalov (resign, 147 plies, 236s)
[118/361] 10.7m karpov 1-0 kasparov (resign, 153 plies, 250s)
[119/361] 10.7m sacky 1-0 juju (resign, 39 plies, 38s)
[120/361] 10.8m juju 1-0 ziggy (adjudicated, 134 plies, 53s)
[121/361] 10.9m juno 1-0 bram (resign, 75 plies, 30s)
[122/361] 11.0m sacky 1-0 casey (adjudicated, 60 plies, 56s)
[123/361] 11.1m yara 0-1 fisher (resign, 128 plies, 218s)
[124/361] 11.1m sf1320 1-0 juno (mate, 51 plies, 33s)
[125/361] 11.2m sf1320 1-0 bram (adjudicated, 60 plies, 38s)
[126/361] 11.2m juno 0-1 sacky (resign, 54 plies, 51s)
[127/361] 11.4m hugo 1-0 cleo (resign, 55 plies, 22s)
[128/361] 11.4m hugo 0-1 swap (resign, 46 plies, 30s)
[129/361] 11.6m swap 1-0 sf1320 (mate, 51 plies, 52s)
[130/361] 11.6m kasparov ½-½ sf2800 (repetition, 212 plies, 284s)
[131/361] 11.7m wanda 1-0 basil (mate, 37 plies, 13s)
[132/361] 11.7m cleo 0-1 sf1320 (mate, 88 plies, 56s)
[133/361] 11.7m basil 1-0 hugo (mate, 71 plies, 29s)
[134/361] 11.7m cleo 0-1 swap (mate, 72 plies, 55s)
[135/361] 11.7m swap 1-0 juno (adjudicated, 76 plies, 62s)
[136/361] 11.8m blaze 1-0 hugo (mate, 41 plies, 38s)
[137/361] 12.0m basil 0-1 blaze (mate, 50 plies, 48s)
[138/361] 12.2m piotr 1-0 sasha (adjudicated, 60 plies, 24s)
[139/361] 12.2m wanda 0-1 blaze (mate, 50 plies, 47s)
[140/361] 12.3m blaze 1-0 cleo (mate, 75 plies, 72s)
[141/361] 12.3m sf1600 0-1 wanda (adjudicated, 63 plies, 41s)
[142/361] 12.5m sf2800 ½-½ fisher (cap, 240 plies, 320s)
[143/361] 12.6m piotr 0-1 bunker (resign, 58 plies, 54s)
[144/361] 12.6m bunker 1-0 wanda (mate, 63 plies, 58s)
[145/361] 12.7m boa 1-0 sasha (mate, 43 plies, 39s)
[146/361] 12.8m ida 1-0 rook (resign, 49 plies, 17s)
[147/361] 12.8m sf1600 1-0 basil (mate, 117 plies, 77s)
[148/361] 12.9m rook 0-1 piotr (resign, 100 plies, 41s)
[149/361] 12.9m bunker 0-1 sf1600 (mate, 64 plies, 76s)
[150/361] 13.0m sasha 0-1 sf1600 (adjudicated, 121 plies, 78s)
[151/361] 13.1m ezra 1-0 ida (adjudicated, 62 plies, 24s)
[152/361] 13.2m boa 1-0 piotr (mate, 67 plies, 60s)
[153/361] 13.3m sasha 0-1 bunker (resign, 104 plies, 95s)
[154/361] 13.5m sf1900 1-0 rook (adjudicated, 76 plies, 50s)
[155/361] 13.5m ida 0-1 boa (resign, 74 plies, 72s)
[156/361] 13.5m sf1900 1-0 ida (mate, 83 plies, 53s)
[157/361] 13.7m morphy 1-0 ezra (mate, 51 plies, 46s)
[158/361] 13.7m rook 0-1 boa (adjudicated, 93 plies, 86s)
[159/361] 13.7m nimzo 1-0 ezra (resign, 49 plies, 46s)
[160/361] 14.0m morphy 1-0 sf1900 (mate, 59 plies, 69s)
[161/361] 14.3m ezra 0-1 sf1900 (mate, 134 plies, 89s)
[162/361] 14.8m petrosian 1-0 morphy (resign, 69 plies, 100s)
[163/361] 14.8m tal 1-0 sf2200 (mate, 67 plies, 75s)
[164/361] 15.1m sf2200 1-0 nimzo (resign, 89 plies, 109s)
[165/361] 15.1m spassky 1-0 tal (mate, 79 plies, 83s)
[166/361] 15.2m fischer 1-0 tal (resign, 71 plies, 87s)
[167/361] 15.4m fischer 1-0 sf2200 (mate, 85 plies, 104s)
[168/361] 15.8m nimzo 1-0 morphy (resign, 113 plies, 169s)
[169/361] 15.8m petrosian 1-0 nimzo (mate, 107 plies, 157s)
[170/361] 16.2m topalov ½-½ sf2500 (repetition, 38 plies, 50s)
[171/361] 16.3m sf2200 0-1 petrosian (mate, 144 plies, 172s)
[172/361] 16.5m sf2500 ½-½ spassky (repetition, 82 plies, 102s)
[173/361] 16.5m kasparov 1-0 sf2500 (mate, 69 plies, 83s)
[174/361] 16.6m kasparov 0-1 karpov (resign, 70 plies, 93s)
[175/361] 16.8m tal 0-1 petrosian (resign, 138 plies, 201s)
[176/361] 16.9m spassky 0-1 fischer (resign, 118 plies, 175s)
[177/361] 17.2m beans 0-1 mochi (adjudicated, 73 plies, 20s)
[178/361] 17.3m sf2500 1-0 karpov (resign, 109 plies, 134s)
[179/361] 17.5m doug 0-1 nib (adjudicated, 60 plies, 13s)
[180/361] 17.6m doug 0-1 mochi (mate, 114 plies, 24s)
[181/361] 17.7m beans 0-1 doug (cap-material, 240 plies, 53s)
[182/361] 17.8m sf2800 ½-½ kasparov (repetition, 98 plies, 118s)
[183/361] 17.8m mochi 1-0 nib (adjudicated, 72 plies, 15s)
[184/361] 18.0m nib 0-1 tato (mate, 80 plies, 16s)
[185/361] 18.0m tato 1-0 pip (adjudicated, 60 plies, 12s)
[186/361] 18.0m pip 1-0 wren (mate, 7 plies, 1s)
[187/361] 18.0m fisher 1-0 sf2800 (adjudicated, 92 plies, 90s)
[188/361] 18.1m karpov 0-1 fischer (resign, 144 plies, 226s)
[189/361] 18.3m tato 0-1 wren (adjudicated, 60 plies, 17s)
[190/361] 18.3m nib 0-1 pip (adjudicated, 127 plies, 30s)
[191/361] 18.4m topalov ½-½ kasparov (repetition, 104 plies, 154s)
[192/361] 18.4m wren 0-1 momo (adjudicated, 67 plies, 22s)
[193/361] 18.4m karpov ½-½ spassky (repetition, 138 plies, 218s)
[194/361] 18.4m wren 1-0 fig (adjudicated, 60 plies, 22s)
[195/361] 18.5m mochi ½-½ tato (repetition, 180 plies, 50s)
[196/361] 18.5m sf2800 ½-½ topalov (repetition, 106 plies, 136s)
[197/361] 18.6m momo 1-0 penny (mate, 49 plies, 19s)
[198/361] 18.7m yara 1-0 sf2800 (adjudicated, 118 plies, 134s)
[199/361] 18.7m pip 1-0 momo (adjudicated, 112 plies, 40s)
[200/361] 18.8m grumbles 1-0 ollie (resign, 25 plies, 23s)
[201/361] 18.8m ziggy 0-1 juju (resign, 24 plies, 10s)
[202/361] 18.9m ollie 1-0 ziggy (resign, 41 plies, 18s)
[203/361] 18.9m penny 0-1 ollie (adjudicated, 75 plies, 29s)
[204/361] 19.1m fig 1-0 penny (adjudicated, 106 plies, 43s)
[205/361] 19.1m ollie 0-1 juju (resign, 58 plies, 24s)
[206/361] 19.1m momo ½-½ fig (material, 140 plies, 52s)
[207/361] 19.3m ziggy 0-1 casey (adjudicated, 67 plies, 26s)
[208/361] 19.3m fig 0-1 grumbles (adjudicated, 60 plies, 54s)
[209/361] 19.3m juju 0-1 casey (mate, 66 plies, 27s)
[210/361] 19.3m grumbles 1-0 ziggy (mate, 53 plies, 51s)
[211/361] 19.4m casey 0-1 bram (resign, 48 plies, 18s)
[212/361] 19.4m penny 0-1 grumbles (adjudicated, 60 plies, 59s)
[213/361] 19.4m yara 1-0 topalov (resign, 115 plies, 185s)
[214/361] 19.5m casey 0-1 sacky (mate, 42 plies, 36s)
[215/361] 19.6m sacky 1-0 bram (resign, 31 plies, 30s)
[216/361] 19.6m sacky 1-0 juno (resign, 35 plies, 31s)
[217/361] 19.7m bram 0-1 sf1320 (mate, 38 plies, 23s)
[218/361] 19.7m bram 1-0 juno (mate, 65 plies, 24s)
[219/361] 19.8m hugo 0-1 basil (resign, 24 plies, 9s)
[220/361] 19.9m juno 0-1 swap (resign, 44 plies, 31s)
[221/361] 19.9m juju 0-1 sacky (mate, 64 plies, 59s)
[222/361] 19.9m cleo 0-1 hugo (mate, 46 plies, 17s)
[223/361] 19.9m juno 0-1 sf1320 (mate, 56 plies, 36s)
[224/361] 20.0m swap 1-0 cleo (resign, 45 plies, 34s)
[225/361] 20.0m swap 1-0 hugo (mate, 45 plies, 32s)
[226/361] 20.1m sf1320 1-0 cleo (mate, 67 plies, 41s)
[227/361] 20.1m basil 1-0 wanda (mate, 41 plies, 15s)
[228/361] 20.3m blaze 1-0 wanda (resign, 27 plies, 24s)
[229/361] 20.3m sf1320 0-1 swap (mate, 56 plies, 55s)
[230/361] 20.5m hugo 0-1 blaze (resign, 56 plies, 48s)
[231/361] 20.6m blaze 1-0 basil (mate, 53 plies, 48s)
[232/361] 20.6m basil 0-1 sf1600 (mate, 74 plies, 45s)
[233/361] 20.8m sasha 0-1 piotr (mate, 76 plies, 30s)
[234/361] 20.9m piotr 1-0 rook (resign, 39 plies, 15s)
[235/361] 20.9m sf1600 1-0 sasha (mate, 81 plies, 52s)
[236/361] 21.0m wanda 0-1 bunker (resign, 66 plies, 62s)
[237/361] 21.1m cleo ½-½ blaze (repetition, 88 plies, 85s)
[238/361] 21.2m bunker 1-0 sasha (resign, 71 plies, 65s)
[239/361] 21.2m rook 0-1 ida (mate, 50 plies, 17s)
[240/361] 21.3m bunker 1-0 piotr (resign, 71 plies, 62s)
[241/361] 21.4m piotr 0-1 boa (resign, 54 plies, 45s)
[242/361] 21.4m ida 1-0 ezra (mate, 49 plies, 14s)
[243/361] 21.5m sasha 0-1 boa (adjudicated, 69 plies, 64s)
[244/361] 21.6m sf1600 0-1 bunker (adjudicated, 77 plies, 93s)
[245/361] 21.6m wanda 0-1 sf1600 (mate, 160 plies, 102s)
[246/361] 21.8m boa 1-0 ida (mate, 59 plies, 53s)
[247/361] 21.8m sf1900 0-1 ezra (adjudicated, 60 plies, 38s)
[248/361] 21.8m fisher 1-0 yara (mate, 213 plies, 312s)
[249/361] 21.9m boa 1-0 rook (mate, 69 plies, 65s)
[250/361] 22.5m sf1900 0-1 morphy (mate, 64 plies, 73s)
[251/361] 22.7m ezra 0-1 morphy (adjudicated, 89 plies, 77s)
[252/361] 22.9m ida 0-1 sf1900 (resign, 178 plies, 113s)
[253/361] 23.1m petrosian 1-0 sf2200 (mate, 67 plies, 79s)
[254/361] 23.6m rook 0-1 sf1900 (cap-material, 240 plies, 158s)
[255/361] 23.7m ezra 0-1 nimzo (resign, 142 plies, 137s)
[256/361] 23.8m morphy 0-1 nimzo (resign, 92 plies, 136s)
[257/361] 23.8m petrosian ½-½ tal (repetition, 82 plies, 120s)
[258/361] 23.9m tal 0-1 fischer (resign, 54 plies, 74s)
[259/361] 24.0m nimzo ½-½ petrosian (repetition, 94 plies, 144s)
[260/361] 24.5m morphy 0-1 petrosian (mate, 110 plies, 175s)
[261/361] 25.3m nimzo ½-½ sf2200 (repetition, 137 plies, 213s)
[262/361] 25.6m sf2500 0-1 kasparov (mate, 38 plies, 94s)
[263/361] 25.6m sf2200 0-1 fischer (mate, 112 plies, 186s)
[264/361] 25.7m sf2200 0-1 tal (adjudicated, 147 plies, 227s)
[265/361] 26.3m fischer ½-½ karpov (repetition, 89 plies, 162s)
[266/361] 26.6m fischer 1-0 spassky (adjudicated, 108 plies, 208s)
[267/361] 26.7m kasparov 0-1 sf2800 (resign, 58 plies, 65s)
[268/361] 26.7m sf2500 0-1 topalov (mate, 78 plies, 132s)
[269/361] 26.8m karpov 1-0 sf2500 (mate, 105 plies, 177s)
[270/361] 26.8m tal 0-1 spassky (resign, 134 plies, 233s)
[271/361] 26.9m karpov 0-1 kasparov (resign, 102 plies, 182s)
[272/361] 27.1m mochi 0-1 beans (adjudicated, 83 plies, 18s)
[273/361] 27.1m kasparov 1-0 topalov (resign, 79 plies, 109s)
[274/361] 27.3m nib 0-1 doug (adjudicated, 83 plies, 23s)
[275/361] 27.4m mochi 1-0 doug (mate, 123 plies, 35s)
[276/361] 27.5m tato 0-1 mochi (adjudicated, 67 plies, 19s)
[277/361] 27.5m spassky 0-1 karpov (resign, 122 plies, 225s)
[278/361] 27.5m doug ½-½ beans (material, 210 plies, 49s)
[279/361] 27.6m topalov ½-½ sf2800 (repetition, 100 plies, 119s)
[280/361] 27.9m wren 1-0 pip (adjudicated, 60 plies, 21s)
[281/361] 27.9m pip 1-0 tato (mate, 91 plies, 28s)
[282/361] 28.0m spassky ½-½ sf2500 (repetition, 165 plies, 251s)
[283/361] 28.1m tato 1-0 nib (adjudicated, 148 plies, 50s)
[284/361] 28.2m pip 0-1 nib (adjudicated, 153 plies, 46s)
[285/361] 28.2m nib ½-½ mochi (repetition, 213 plies, 66s)
[286/361] 28.3m fig 1-0 wren (adjudicated, 60 plies, 23s)
[287/361] 28.4m penny 1-0 momo (mate, 41 plies, 16s)
[288/361] 28.4m momo 1-0 pip (adjudicated, 138 plies, 50s)
[289/361] 28.5m fig 1-0 momo (adjudicated, 72 plies, 30s)
[290/361] 28.5m penny 0-1 fig (mate, 48 plies, 20s)
[291/361] 28.6m momo 0-1 wren (adjudicated, 129 plies, 43s)
[292/361] 28.8m ollie 1-0 penny (adjudicated, 62 plies, 21s)
[293/361] 28.8m wren ½-½ tato (material, 222 plies, 77s)
[294/361] 28.8m ziggy 0-1 ollie (mate, 50 plies, 17s)
[295/361] 28.8m sf2800 0-1 yara (mate, 126 plies, 148s)
[296/361] 28.8m ollie 0-1 grumbles (mate, 28 plies, 24s)
[297/361] 28.8m grumbles 1-0 fig (mate, 43 plies, 37s)
[298/361] 28.9m casey 0-1 juju (resign, 28 plies, 9s)
[299/361] 29.0m juju 0-1 ziggy (resign, 58 plies, 18s)
[300/361] 29.1m sacky 1-0 casey (mate, 15 plies, 14s)
[301/361] 29.1m casey 1-0 ziggy (resign, 59 plies, 19s)
[302/361] 29.1m bram 0-1 casey (resign, 44 plies, 15s)
[303/361] 29.1m sf2800 0-1 fisher (adjudicated, 129 plies, 149s)
[304/361] 29.1m grumbles 1-0 penny (mate, 59 plies, 50s)
[305/361] 29.2m juju 1-0 ollie (adjudicated, 96 plies, 33s)
[306/361] 29.3m juno 1-0 bram (resign, 45 plies, 14s)
[307/361] 29.4m ziggy 0-1 grumbles (mate, 60 plies, 52s)
[308/361] 29.4m sacky 1-0 juju (resign, 43 plies, 34s)
[309/361] 29.4m bram 0-1 sacky (resign, 36 plies, 27s)
[310/361] 29.4m swap 1-0 sf1320 (mate, 23 plies, 18s)
[311/361] 29.5m juno 0-1 sacky (resign, 36 plies, 27s)
[312/361] 29.6m swap 1-0 juno (mate, 45 plies, 31s)
[313/361] 29.8m cleo 0-1 sf1320 (mate, 64 plies, 36s)
[314/361] 29.8m sf1320 1-0 juno (adjudicated, 76 plies, 43s)
[315/361] 29.8m cleo 0-1 swap (resign, 52 plies, 33s)
[316/361] 29.9m hugo 0-1 swap (resign, 50 plies, 34s)
[317/361] 29.9m basil 1-0 hugo (resign, 71 plies, 26s)
[318/361] 30.0m blaze 1-0 hugo (mate, 37 plies, 32s)
[319/361] 30.1m topalov 0-1 yara (resign, 164 plies, 266s)
[320/361] 30.1m wanda 1-0 basil (mate, 45 plies, 17s)
[321/361] 30.2m hugo 1-0 cleo (adjudicated, 134 plies, 50s)
[322/361] 30.3m basil 0-1 blaze (mate, 50 plies, 44s)
[323/361] 30.4m sf1600 1-0 basil (mate, 53 plies, 32s)
[324/361] 30.4m sf1600 1-0 wanda (mate, 51 plies, 31s)
[325/361] 30.4m blaze 1-0 cleo (adjudicated, 70 plies, 62s)
[326/361] 30.5m wanda 0-1 blaze (resign, 50 plies, 42s)
[327/361] 30.5m sf1320 1-0 bram (mate, 151 plies, 88s)
[328/361] 30.7m bunker 1-0 wanda (resign, 51 plies, 43s)
[329/361] 30.7m rook 0-1 piotr (mate, 46 plies, 15s)
[330/361] 31.0m piotr ½-½ sasha (stalemate, 110 plies, 38s)
[331/361] 31.0m ida 0-1 rook (resign, 72 plies, 23s)
[332/361] 31.1m boa 1-0 piotr (mate, 49 plies, 38s)
[333/361] 31.1m sasha 0-1 bunker (mate, 76 plies, 60s)
[334/361] 31.2m sf1900 1-0 rook (mate, 55 plies, 32s)
[335/361] 31.2m sasha 0-1 sf1600 (mate, 118 plies, 68s)
[336/361] 31.3m ezra 0-1 ida (mate, 46 plies, 14s)
[337/361] 31.4m piotr 0-1 bunker (adjudicated, 85 plies, 72s)
[338/361] 31.5m boa 1-0 sasha (mate, 75 plies, 67s)
[339/361] 31.5m rook 0-1 boa (mate, 74 plies, 65s)
[340/361] 31.7m ida 0-1 boa (mate, 78 plies, 67s)
[341/361] 31.7m sf1900 1-0 ida (resign, 75 plies, 44s)
[342/361] 32.1m morphy 1-0 sf1900 (mate, 57 plies, 62s)
[343/361] 32.2m nimzo 1-0 ezra (mate, 69 plies, 59s)
[344/361] 32.5m morphy 1-0 ezra (mate, 87 plies, 79s)
[345/361] 32.7m sf2200 0-1 petrosian (mate, 60 plies, 62s)
[346/361] 32.8m yara ½-½ fisher (fifty, 229 plies, 370s)
[347/361] 32.9m ezra ½-½ sf1900 (repetition, 194 plies, 108s)
[348/361] 32.9m sf2200 0-1 nimzo (mate, 74 plies, 80s)
[349/361] 33.3m nimzo 1-0 morphy (resign, 91 plies, 123s)
[350/361] 33.3m fischer 1-0 sf2200 (adjudicated, 64 plies, 68s)
[351/361] 33.4m petrosian 1-0 morphy (mate, 85 plies, 118s)
[352/361] 33.5m bunker 1-0 sf1600 (mate, 189 plies, 211s)
[353/361] 34.0m fischer 1-0 tal (mate, 77 plies, 89s)
[354/361] 34.1m tal ½-½ petrosian (repetition, 111 plies, 143s)
[355/361] 34.2m karpov 1-0 fischer (resign, 61 plies, 80s)
[356/361] 34.5m sf2500 0-1 karpov (adjudicated, 65 plies, 68s)
[357/361] 34.7m spassky 1-0 tal (resign, 91 plies, 119s)
[358/361] 34.9m kasparov 1-0 sf2500 (mate, 85 plies, 86s)
[359/361] 35.0m karpov 1-0 spassky (resign, 101 plies, 128s)
[360/361] 35.2m petrosian ½-½ nimzo (repetition, 157 plies, 221s)
[361/361] 35.5m kasparov ½-½ karpov (repetition, 96 plies, 130s)
[362/362] 35.6m topalov 1-0 sf2500 (mate, 89 plies, 95s)
[363/363] 35.6m topalov 0-1 kasparov (resign, 76 plies, 92s)
[364/364] 35.8m spassky 1-0 fischer (resign, 127 plies, 176s)
[365/365] 36.0m sf2800 1-0 topalov (resign, 93 plies, 89s)
[366/366] 36.1m tal ½-½ sf2200 (cap, 240 plies, 240s)
[367/367] 36.2m yara 1-0 sf2800 (adjudicated, 78 plies, 77s)
[368/368] 36.4m sf2800 ½-½ kasparov (repetition, 127 plies, 130s)
[369/369] 36.5m fisher 1-0 sf2800 (adjudicated, 102 plies, 89s)
[370/370] 36.8m yara 1-0 topalov (resign, 95 plies, 129s)
[371/371] 37.1m sf2500 ½-½ spassky (repetition, 228 plies, 227s)
[372/372] 40.5m fisher ½-½ yara (fifty, 234 plies, 319s)
