200 games over 50 pairs, 12 at a time
[1/189] 0.1m tiny 0-1 dagger (mate, 18 plies, 7s)
[2/189] 0.3m rook 1-0 evil (mate, 49 plies, 16s)
[3/189] 0.3m cleo 1-0 tiny (mate, 49 plies, 16s)
[4/189] 0.3m juno 0-1 dagger (mate, 48 plies, 19s)
[5/189] 0.3m bram 1-0 tiny (adjudicated, 60 plies, 19s)
[6/189] 0.3m hugo 1-0 tiny (adjudicated, 60 plies, 19s)
[7/189] 0.3m tiny 0-1 wanda (adjudicated, 60 plies, 20s)
[8/189] 0.3m tiny 0-1 juno (adjudicated, 60 plies, 20s)
[9/189] 0.4m evil 0-1 ida (resign, 26 plies, 7s)
[10/189] 0.5m dagger 0-1 rook (adjudicated, 71 plies, 28s)
[11/189] 0.5m grumbles 1-0 evil (resign, 27 plies, 21s)
[12/189] 0.5m evil 0-1 ezra (resign, 36 plies, 11s)
[13/189] 0.5m wanda 0-1 dagger (adjudicated, 79 plies, 31s)
[14/189] 0.6m dagger 1-0 sf1320 (adjudicated, 60 plies, 34s)
[15/189] 0.6m evil 0-1 piotr (resign, 56 plies, 18s)
[16/189] 0.6m dagger 1-0 basil (mate, 91 plies, 34s)
[17/189] 0.6m sasha 1-0 evil (adjudicated, 74 plies, 22s)
[18/189] 0.7m ida 0-1 gambit (mate, 52 plies, 19s)
[19/189] 0.8m piotr 0-1 gambit (mate, 74 plies, 27s)
[20/189] 0.8m gambit 1-0 sf1600 (mate, 45 plies, 23s)
[21/189] 1.0m ezra 0-1 gambit (mate, 112 plies, 41s)
[22/189] 1.1m sf1600 0-1 mean (adjudicated, 67 plies, 35s)
[23/189] 1.1m mean 1-0 sf1900 (adjudicated, 64 plies, 34s)
[24/189] 1.2m gambit 1-0 sacky (mate, 53 plies, 45s)
[25/189] 1.2m blaze ½-½ mean (repetition, 51 plies, 40s)
[26/189] 1.3m swap 0-1 hustler (mate, 28 plies, 15s)
[27/189] 1.4m gambit 1-0 blaze (mate, 63 plies, 54s)
[28/189] 1.4m swap 0-1 pyro (mate, 46 plies, 33s)
[29/189] 1.4m mean 1-0 swap (resign, 73 plies, 46s)
[30/189] 1.6m pyro 0-1 hustler (resign, 48 plies, 26s)
[31/189] 1.6m mean 1-0 bunker (resign, 75 plies, 60s)
[32/189] 1.6m sf1900 0-1 pyro (adjudicated, 111 plies, 58s)
[33/189] 1.9m sacky 0-1 mean (mate, 96 plies, 81s)
[34/189] 1.9m bunker 0-1 pyro (mate, 82 plies, 70s)
[35/189] 2.0m hustler 0-1 morphy (resign, 46 plies, 42s)
[36/189] 2.0m boa 0-1 hustler (mate, 58 plies, 47s)
[37/189] 2.4m badgyal 1-0 patricia (resign, 51 plies, 32s)
[38/189] 2.5m sf2200 0-1 badgyal (adjudicated, 77 plies, 53s)
[39/189] 2.5m patricia 1-0 tal (resign, 41 plies, 30s)
[40/189] 2.6m badgyal 1-0 nimzo (resign, 61 plies, 58s)
[41/189] 2.6m hustler ½-½ badgyal (repetition, 105 plies, 75s)
[42/189] 2.8m sf2200 0-1 patricia (mate, 138 plies, 71s)
[43/189] 2.8m tiny 0-1 bram (mate, 72 plies, 19s)
[44/189] 2.8m tiny 0-1 hugo (mate, 48 plies, 13s)
[45/189] 2.9m tiny 0-1 cleo (adjudicated, 60 plies, 16s)
[46/189] 2.9m hustler 1-0 sf2200 (adjudicated, 152 plies, 92s)
[47/189] 3.0m patricia 1-0 sf2500 (adjudicated, 66 plies, 34s)
[48/189] 3.0m juno 1-0 tiny (mate, 59 plies, 15s)
[49/189] 3.0m dagger 1-0 tiny (mate, 31 plies, 10s)
[50/189] 3.1m wanda 1-0 tiny (adjudicated, 60 plies, 16s)
[51/189] 3.1m badgyal 1-0 tal (resign, 73 plies, 69s)
[52/189] 3.1m morphy 0-1 badgyal (resign, 104 plies, 104s)
[53/189] 3.2m dagger 1-0 juno (resign, 53 plies, 19s)
[54/189] 3.2m nimzo 1-0 patricia (resign, 83 plies, 73s)
[55/189] 3.2m pyro ½-½ morphy (stalemate, 142 plies, 123s)
[56/189] 3.3m dagger 1-0 wanda (mate, 61 plies, 22s)
[57/189] 3.3m ezra 1-0 evil (resign, 25 plies, 7s)
[58/189] 3.3m evil 0-1 sasha (resign, 32 plies, 10s)
[59/189] 3.3m evil 0-1 rook (resign, 48 plies, 14s)
[60/189] 3.3m piotr 1-0 evil (resign, 31 plies, 9s)
[61/189] 3.3m rook 1-0 dagger (mate, 55 plies, 20s)
[62/189] 3.4m basil 0-1 dagger (resign, 64 plies, 23s)
[63/189] 3.4m ida 1-0 evil (mate, 29 plies, 8s)
[64/189] 3.6m pyro 1-0 boa (mate, 175 plies, 152s)
[65/189] 3.7m gambit 1-0 ezra (mate, 63 plies, 22s)
[66/189] 3.7m sf1320 0-1 dagger (adjudicated, 75 plies, 40s)
[67/189] 3.7m gambit 1-0 ida (mate, 71 plies, 26s)
[68/189] 3.8m gambit 1-0 piotr (resign, 87 plies, 32s)
[69/189] 3.9m mean 1-0 sf1600 (adjudicated, 60 plies, 32s)
[70/189] 4.0m sf1600 0-1 gambit (adjudicated, 73 plies, 39s)
[71/189] 4.1m evil 0-1 grumbles (adjudicated, 77 plies, 58s)
[72/189] 4.1m sacky 0-1 gambit (mate, 54 plies, 47s)
[73/189] 4.2m pyro 1-0 sf1900 (mate, 47 plies, 24s)
[74/189] 4.2m sf1900 0-1 mean (adjudicated, 63 plies, 32s)
[75/189] 4.2m mean 1-0 sacky (adjudicated, 62 plies, 50s)
[76/189] 4.3m mean ½-½ blaze (repetition, 54 plies, 41s)
[77/189] 4.4m hustler 0-1 pyro (resign, 26 plies, 13s)
[78/189] 4.4m pyro 1-0 bunker (resign, 41 plies, 33s)
[79/189] 4.5m swap 0-1 mean (adjudicated, 69 plies, 47s)
[80/189] 4.5m pyro 1-0 swap (resign, 51 plies, 35s)
[81/189] 4.5m patricia 1-0 petrosian (adjudicated, 142 plies, 125s)
[82/189] 4.6m blaze 0-1 gambit (resign, 86 plies, 74s)
[83/189] 4.7m sf2200 1-0 hustler (resign, 31 plies, 19s)
[84/189] 4.9m hustler 1-0 swap (mate, 67 plies, 48s)
[85/189] 5.0m hustler 1-0 boa (mate, 59 plies, 48s)
[86/189] 5.2m bunker 0-1 mean (mate, 112 plies, 90s)
[87/189] 5.2m badgyal 1-0 sf2200 (adjudicated, 60 plies, 41s)
[88/189] 5.3m patricia 1-0 sf2200 (adjudicated, 84 plies, 44s)
[89/189] 5.4m badgyal 1-0 morphy (resign, 53 plies, 51s)
[90/189] 5.6m nimzo 0-1 badgyal (mate, 66 plies, 60s)
[91/189] 5.6m bram 1-0 tiny (adjudicated, 60 plies, 15s)
[92/189] 5.7m badgyal 1-0 hustler (mate, 119 plies, 78s)
[93/189] 5.8m boa 0-1 pyro (resign, 114 plies, 99s)
[94/189] 5.8m tal ½-½ badgyal (repetition, 63 plies, 54s)
[95/189] 5.8m hugo 1-0 tiny (mate, 49 plies, 13s)
[96/189] 5.8m cleo 1-0 tiny (adjudicated, 60 plies, 16s)
[97/189] 5.9m patricia 1-0 nimzo (mate, 65 plies, 54s)
[98/189] 6.0m tiny 0-1 wanda (mate, 50 plies, 14s)
[99/189] 6.0m tiny 0-1 juno (mate, 60 plies, 16s)
[100/189] 6.0m morphy 0-1 hustler (resign, 114 plies, 103s)
[101/189] 6.1m tiny 0-1 dagger (mate, 50 plies, 17s)
[102/189] 6.1m juno 0-1 dagger (mate, 40 plies, 15s)
[103/189] 6.1m patricia 1-0 badgyal (mate, 137 plies, 81s)
[104/189] 6.1m wanda 0-1 dagger (mate, 46 plies, 17s)
[105/189] 6.2m dagger 1-0 basil (mate, 45 plies, 17s)
[106/189] 6.2m sasha 1-0 evil (mate, 27 plies, 8s)
[107/189] 6.2m rook 1-0 evil (resign, 41 plies, 12s)
[108/189] 6.2m tal 0-1 patricia (adjudicated, 71 plies, 63s)
[109/189] 6.2m sf2500 0-1 patricia (adjudicated, 113 plies, 60s)
[110/189] 6.3m morphy 0-1 pyro (resign, 142 plies, 125s)
[111/189] 6.3m petrosian 0-1 patricia (resign, 70 plies, 60s)
[112/189] 6.4m evil 0-1 piotr (resign, 58 plies, 18s)
[113/189] 6.4m dagger 1-0 rook (mate, 63 plies, 23s)
[114/189] 6.5m evil 0-1 ida (resign, 54 plies, 16s)
[115/189] 6.5m evil 0-1 ezra (adjudicated, 67 plies, 20s)
[116/189] 6.5m piotr 0-1 gambit (resign, 44 plies, 16s)
[117/189] 6.5m grumbles 1-0 evil (mate, 39 plies, 29s)
[118/189] 6.7m ida 0-1 gambit (mate, 78 plies, 29s)
[119/189] 6.7m ezra 0-1 gambit (resign, 80 plies, 30s)
[120/189] 6.7m gambit 1-0 sf1600 (mate, 59 plies, 31s)
[121/189] 6.8m dagger 1-0 sf1320 (mate, 99 plies, 51s)
[122/189] 7.0m mean 1-0 sf1900 (mate, 59 plies, 29s)
[123/189] 7.2m sf1600 0-1 mean (adjudicated, 89 plies, 47s)
[124/189] 7.2m gambit 1-0 sacky (mate, 65 plies, 53s)
[125/189] 7.3m mean 1-0 bunker (mate, 59 plies, 47s)
[126/189] 7.3m sacky 1-0 mean (resign, 67 plies, 54s)
[127/189] 7.4m sf1900 0-1 pyro (adjudicated, 85 plies, 43s)
[128/189] 7.4m blaze 0-1 mean (mate, 76 plies, 58s)
[129/189] 7.5m gambit 1-0 blaze (mate, 87 plies, 76s)
[130/189] 7.7m hustler 0-1 sf2200 (resign, 30 plies, 18s)
[131/189] 7.9m mean 1-0 swap (adjudicated, 114 plies, 81s)
[132/189] 7.9m swap 0-1 pyro (mate, 96 plies, 70s)
[133/189] 7.9m swap 0-1 hustler (mate, 92 plies, 65s)
[134/189] 7.9m boa 0-1 hustler (mate, 50 plies, 40s)
[135/189] 8.0m pyro 1-0 hustler (resign, 95 plies, 48s)
[136/189] 8.0m pyro 1-0 boa (mate, 77 plies, 64s)
[137/189] 8.1m hustler 1-0 badgyal (resign, 59 plies, 39s)
[138/189] 8.1m pyro 1-0 morphy (resign, 69 plies, 58s)
[139/189] 8.3m hustler 1-0 morphy (resign, 71 plies, 63s)
[140/189] 8.3m badgyal 1-0 patricia (resign, 43 plies, 25s)
[141/189] 8.5m sf2200 0-1 patricia (adjudicated, 75 plies, 38s)
[142/189] 8.5m bunker 0-1 pyro (mate, 126 plies, 109s)
[143/189] 8.5m sf2200 0-1 badgyal (adjudicated, 75 plies, 49s)
[144/189] 8.6m wanda 1-0 tiny (mate, 17 plies, 4s)
[145/189] 8.6m tiny 0-1 cleo (adjudicated, 65 plies, 17s)
[146/189] 8.6m tiny 0-1 bram (adjudicated, 67 plies, 19s)
[147/189] 8.7m badgyal 1-0 tal (resign, 49 plies, 44s)
[148/189] 8.8m tiny 0-1 hugo (mate, 50 plies, 15s)
[149/189] 8.8m juno 1-0 tiny (mate, 49 plies, 14s)
[150/189] 8.8m nimzo 0-1 patricia (resign, 58 plies, 50s)
[151/189] 8.8m dagger 1-0 juno (resign, 29 plies, 10s)
[152/189] 8.8m dagger 1-0 tiny (mate, 37 plies, 13s)
[153/189] 8.9m patricia 1-0 tal (resign, 65 plies, 56s)
[154/189] 9.0m badgyal 1-0 nimzo (resign, 63 plies, 65s)
[155/189] 9.0m morphy 0-1 badgyal (resign, 86 plies, 86s)
[156/189] 9.0m evil 0-1 sasha (resign, 38 plies, 11s)
[157/189] 9.0m rook 0-1 dagger (resign, 48 plies, 17s)
[158/189] 9.1m dagger 1-0 wanda (mate, 71 plies, 26s)
[159/189] 9.1m evil 0-1 grumbles (resign, 26 plies, 17s)
[160/189] 9.1m evil 0-1 rook (resign, 68 plies, 21s)
[161/189] 9.2m basil 0-1 dagger (mate, 80 plies, 29s)
[162/189] 9.2m patricia 1-0 petrosian (resign, 71 plies, 62s)
[163/189] 9.2m piotr 1-0 evil (resign, 43 plies, 14s)
[164/189] 9.3m ezra 1-0 evil (mate, 59 plies, 17s)
[165/189] 9.3m sf1320 0-1 dagger (mate, 64 plies, 33s)
[166/189] 9.4m ida 1-0 evil (mate, 77 plies, 23s)
[167/189] 9.4m gambit 1-0 piotr (mate, 63 plies, 24s)
[168/189] 9.5m gambit 1-0 ida (adjudicated, 68 plies, 25s)
[169/189] 9.6m gambit 1-0 ezra (mate, 91 plies, 32s)
[170/189] 9.8m sf1600 0-1 gambit (adjudicated, 81 plies, 43s)
[171/189] 9.8m pyro 1-0 sf1900 (mate, 45 plies, 20s)
[172/189] 9.8m sf1900 0-1 mean (adjudicated, 60 plies, 32s)
[173/189] 9.9m blaze 0-1 gambit (resign, 54 plies, 47s)
[174/189] 10.0m sacky 1-0 gambit (adjudicated, 60 plies, 51s)
[175/189] 10.2m mean 1-0 sf1600 (adjudicated, 112 plies, 62s)
[176/189] 10.2m patricia ½-½ sf2500 (cap, 240 plies, 129s)
[177/189] 10.3m bunker 0-1 mean (mate, 76 plies, 59s)
[178/189] 10.4m mean 1-0 blaze (resign, 85 plies, 69s)
[179/189] 10.7m swap 0-1 mean (adjudicated, 107 plies, 76s)
[180/189] 10.7m mean 1-0 sacky (adjudicated, 108 plies, 91s)
[181/189] 10.7m morphy 0-1 pyro (resign, 50 plies, 42s)
[182/189] 10.8m hustler 1-0 swap (resign, 81 plies, 57s)
[183/189] 10.8m pyro 0-1 bunker (resign, 84 plies, 72s)
[184/189] 11.1m patricia 0-1 sf2200 (resign, 42 plies, 22s)
[185/189] 11.2m badgyal 1-0 morphy (resign, 31 plies, 29s)
[186/189] 11.3m hustler 0-1 pyro (mate, 162 plies, 82s)
[187/189] 11.4m sf2200 1-0 hustler (resign, 97 plies, 63s)
[188/189] 11.4m badgyal 1-0 hustler (resign, 87 plies, 61s)
[189/189] 11.5m badgyal 1-0 sf2200 (adjudicated, 66 plies, 45s)
[190/190] 11.5m tal 1-0 badgyal (resign, 27 plies, 23s)
[191/191] 11.6m morphy 0-1 hustler (resign, 88 plies, 79s)
[192/192] 11.6m boa 0-1 pyro (mate, 120 plies, 103s)
[193/193] 11.6m hustler 1-0 boa (mate, 97 plies, 84s)
[194/194] 11.7m pyro 1-0 swap (mate, 153 plies, 111s)
[195/195] 11.8m patricia 1-0 badgyal (mate, 97 plies, 59s)
[196/196] 12.0m patricia 1-0 nimzo (mate, 67 plies, 53s)
[197/197] 12.2m sf2500 0-1 patricia (adjudicated, 89 plies, 46s)
[198/198] 12.3m petrosian 0-1 patricia (resign, 66 plies, 52s)
[199/199] 12.5m nimzo 0-1 badgyal (resign, 112 plies, 104s)
[200/200] 13.2m tal 0-1 patricia (resign, 142 plies, 110s)
