252 games over 63 pairs, 12 at a time
[1/241] 0.2m ziggy 0-1 penny (mate, 40 plies, 14s)
[2/241] 0.3m wren 0-1 penny (adjudicated, 60 plies, 20s)
[3/241] 0.4m pip 0-1 ziggy (adjudicated, 60 plies, 21s)
[4/241] 0.4m tato 0-1 ziggy (adjudicated, 60 plies, 24s)
[5/241] 0.4m mochi 0-1 pip (adjudicated, 77 plies, 24s)
[6/241] 0.4m fig 0-1 juno (adjudicated, 60 plies, 25s)
[7/241] 0.4m momo 0-1 ollie (mate, 46 plies, 26s)
[8/241] 0.4m ziggy 1-0 wren (mate, 53 plies, 27s)
[9/241] 0.4m fig 0-1 juju (adjudicated, 60 plies, 27s)
[10/241] 0.5m nib 1-0 beans (adjudicated, 60 plies, 28s)
[11/241] 0.6m doug 1-0 tato (adjudicated, 84 plies, 34s)
[12/241] 0.6m juno 1-0 casey (resign, 31 plies, 14s)
[13/241] 0.6m casey 0-1 hugo (resign, 30 plies, 13s)
[14/241] 0.6m bram 0-1 cleo (resign, 32 plies, 14s)
[15/241] 0.7m ollie 0-1 fig (resign, 100 plies, 42s)
[16/241] 0.8m cleo 0-1 sasha (resign, 54 plies, 20s)
[17/241] 0.8m hugo 1-0 sasha (mate, 59 plies, 24s)
[18/241] 1.0m hugo 0-1 grumbles (mate, 38 plies, 32s)
[19/241] 1.1m sasha 1-0 sf1320 (adjudicated, 60 plies, 35s)
[20/241] 1.2m basil 0-1 piotr (resign, 28 plies, 11s)
[21/241] 1.2m juju 0-1 juno (adjudicated, 141 plies, 59s)
[22/241] 1.2m rook 1-0 basil (mate, 69 plies, 27s)
[23/241] 1.2m rook 1-0 wanda (adjudicated, 60 plies, 23s)
[24/241] 1.2m sf1320 1-0 basil (mate, 53 plies, 32s)
[25/241] 1.3m juju 0-1 bram (adjudicated, 135 plies, 58s)
[26/241] 1.3m casey 0-1 cleo (adjudicated, 137 plies, 55s)
[27/241] 1.4m grumbles 1-0 rook (resign, 47 plies, 46s)
[28/241] 1.4m sf1320 1-0 rook (mate, 75 plies, 45s)
[29/241] 1.6m wanda 0-1 piotr (mate, 66 plies, 24s)
[30/241] 1.7m ida 0-1 swap (resign, 42 plies, 22s)
[31/241] 1.8m piotr 1-0 sf1600 (adjudicated, 60 plies, 33s)
[32/241] 1.9m sacky 1-0 ida (mate, 39 plies, 36s)
[33/241] 1.9m sf1600 0-1 ezra (adjudicated, 60 plies, 37s)
[34/241] 2.0m sacky 1-0 sf1600 (mate, 43 plies, 45s)
[35/241] 2.0m wanda 0-1 sacky (mate, 58 plies, 52s)
[36/241] 2.2m piotr 0-1 sacky (mate, 70 plies, 62s)
[37/241] 2.3m swap ½-½ blaze (repetition, 47 plies, 31s)
[38/241] 2.3m sf1600 ½-½ ida (repetition, 101 plies, 59s)
[39/241] 2.4m sasha ½-½ grumbles (repetition, 121 plies, 113s)
[40/241] 2.5m ezra 0-1 blaze (mate, 68 plies, 57s)
[41/241] 3.0m ezra 0-1 swap (adjudicated, 129 plies, 98s)
[42/241] 3.2m morphy 1-0 sf2200 (mate, 53 plies, 56s)
[43/241] 3.5m swap ½-½ bunker (repetition, 92 plies, 106s)
[44/241] 4.2m grumbles 0-1 sf1320 (mate, 196 plies, 217s)
[45/241] 4.3m boa 0-1 nimzo (adjudicated, 83 plies, 108s)
[46/241] 4.4m bunker ½-½ sf1900 (repetition, 131 plies, 146s)
[47/241] 4.5m blaze 0-1 bunker (resign, 120 plies, 161s)
[48/241] 4.7m sf1900 ½-½ boa (repetition, 136 plies, 144s)
[49/241] 5.1m nimzo 0-1 tal (mate, 96 plies, 126s)
[50/241] 5.4m bunker 0-1 morphy (adjudicated, 143 plies, 201s)
[51/241] 5.7m sf2500 0-1 petrosian (adjudicated, 85 plies, 90s)
[52/241] 5.7m morphy ½-½ boa (repetition, 150 plies, 208s)
[53/241] 5.8m boa ½-½ sf2200 (repetition, 189 plies, 204s)
[54/241] 5.8m tal 1-0 sf2500 (mate, 129 plies, 134s)
[55/241] 6.1m tato 1-0 doug (adjudicated, 84 plies, 22s)
[56/241] 6.1m beans 0-1 nib (mate, 102 plies, 24s)
[57/241] 6.4m ziggy 1-0 tato (adjudicated, 62 plies, 17s)
[58/241] 6.4m nimzo 1-0 sf2500 (mate, 173 plies, 194s)
[59/241] 6.4m topalov 1-0 fischer (mate, 79 plies, 108s)
[60/241] 6.5m blaze 0-1 sf1900 (cap-material, 240 plies, 271s)
[61/241] 6.5m penny 1-0 wren (mate, 21 plies, 4s)
[62/241] 6.6m ziggy 0-1 pip (resign, 88 plies, 25s)
[63/241] 6.6m petrosian 0-1 spassky (resign, 86 plies, 130s)
[64/241] 6.6m penny 0-1 ziggy (mate, 36 plies, 9s)
[65/241] 6.7m wren 0-1 ziggy (adjudicated, 61 plies, 18s)
[66/241] 6.7m pip 1-0 mochi (cap-material, 240 plies, 57s)
[67/241] 6.9m juno 1-0 fig (adjudicated, 60 plies, 18s)
[68/241] 6.9m ollie 1-0 momo (adjudicated, 94 plies, 27s)
[69/241] 6.9m juju 0-1 fig (adjudicated, 75 plies, 21s)
[70/241] 6.9m juno 1-0 juju (resign, 59 plies, 20s)
[71/241] 7.1m fig 0-1 ollie (mate, 116 plies, 33s)
[72/241] 7.1m cleo 1-0 bram (resign, 41 plies, 12s)
[73/241] 7.1m casey 0-1 juno (mate, 74 plies, 22s)
[74/241] 7.1m sasha 1-0 cleo (resign, 37 plies, 10s)
[75/241] 7.1m cleo 1-0 casey (mate, 53 plies, 15s)
[76/241] 7.2m sasha 1-0 hugo (mate, 31 plies, 9s)
[77/241] 7.2m topalov ½-½ spassky (repetition, 119 plies, 162s)
[78/241] 7.3m hugo 0-1 casey (mate, 86 plies, 26s)
[79/241] 7.4m petrosian 0-1 topalov (resign, 122 plies, 187s)
[80/241] 7.5m bram ½-½ juju (stalemate, 158 plies, 47s)
[81/241] 7.6m sf1320 0-1 sasha (adjudicated, 67 plies, 31s)
[82/241] 7.6m rook 1-0 sf1320 (mate, 57 plies, 24s)
[83/241] 7.8m grumbles 1-0 hugo (mate, 51 plies, 41s)
[84/241] 7.8m wanda 0-1 rook (adjudicated, 60 plies, 18s)
[85/241] 7.8m basil 1-0 sf1320 (adjudicated, 60 plies, 26s)
[86/241] 7.9m sf1320 1-0 grumbles (mate, 47 plies, 46s)
[87/241] 8.0m piotr 1-0 wanda (adjudicated, 74 plies, 22s)
[88/241] 8.0m rook 0-1 grumbles (resign, 62 plies, 48s)
[89/241] 8.0m kasparov 1-0 yara (resign, 89 plies, 140s)
[90/241] 8.1m grumbles ½-½ sasha (repetition, 79 plies, 63s)
[91/241] 8.2m basil 0-1 rook (resign, 150 plies, 46s)
[92/241] 8.2m karpov ½-½ sf2800 (repetition, 145 plies, 169s)
[93/241] 8.3m piotr 1-0 basil (adjudicated, 134 plies, 39s)
[94/241] 8.3m sf1600 1-0 piotr (mate, 67 plies, 31s)
[95/241] 8.4m fischer ½-½ kasparov (repetition, 131 plies, 197s)
[96/241] 8.5m swap 1-0 ezra (mate, 39 plies, 17s)
[97/241] 8.6m swap 1-0 ida (mate, 47 plies, 30s)
[98/241] 8.8m sacky 1-0 wanda (mate, 81 plies, 64s)
[99/241] 8.9m ida 1-0 sf1600 (adjudicated, 110 plies, 50s)
[100/241] 9.1m ezra 0-1 sf1600 (mate, 140 plies, 64s)
[101/241] 9.2m sacky ½-½ piotr (repetition, 114 plies, 85s)
[102/241] 9.3m ida 0-1 sacky (mate, 102 plies, 78s)
[103/241] 9.5m bunker 0-1 swap (mate, 72 plies, 69s)
[104/241] 9.5m blaze 1-0 ezra (mate, 109 plies, 78s)
[105/241] 9.6m bunker ½-½ blaze (repetition, 70 plies, 73s)
[106/241] 9.7m blaze ½-½ swap (repetition, 88 plies, 88s)
[107/241] 10.1m boa 0-1 sf1900 (mate, 80 plies, 73s)
[108/241] 10.1m sf1900 1-0 bunker (mate, 93 plies, 87s)
[109/241] 10.1m morphy 0-1 bunker (resign, 68 plies, 80s)
[110/241] 10.3m sf2200 1-0 boa (resign, 69 plies, 63s)
[111/241] 10.5m sf2500 ½-½ tal (repetition, 51 plies, 45s)
[112/241] 10.5m boa 1-0 morphy (resign, 73 plies, 84s)
[113/241] 10.8m sf1900 1-0 blaze (adjudicated, 146 plies, 138s)
[114/241] 11.2m sf1600 ½-½ sacky (repetition, 208 plies, 199s)
[115/241] 11.2m petrosian 1-0 sf2500 (adjudicated, 76 plies, 70s)
[116/241] 11.4m nimzo 1-0 boa (resign, 93 plies, 115s)
[117/241] 11.5m doug 0-1 tato (adjudicated, 61 plies, 9s)
[118/241] 11.5m nib 1-0 beans (mate, 103 plies, 18s)
[119/241] 11.6m mochi 1-0 pip (mate, 21 plies, 4s)
[120/241] 11.7m topalov ½-½ petrosian (repetition, 83 plies, 95s)
[121/241] 11.7m tal 0-1 nimzo (resign, 108 plies, 133s)
[122/241] 11.8m tato 0-1 ziggy (adjudicated, 60 plies, 14s)
[123/241] 11.8m pip 0-1 ziggy (mate, 50 plies, 12s)
[124/241] 11.8m spassky 1-0 petrosian (resign, 87 plies, 102s)
[125/241] 11.8m ziggy 0-1 penny (resign, 34 plies, 8s)
[126/241] 11.9m sf2200 ½-½ morphy (stalemate, 172 plies, 162s)
[127/241] 11.9m ziggy 1-0 wren (adjudicated, 70 plies, 16s)
[128/241] 12.0m fischer ½-½ topalov (repetition, 75 plies, 89s)
[129/241] 12.0m momo 0-1 ollie (mate, 54 plies, 13s)
[130/241] 12.0m fig 0-1 juju (mate, 40 plies, 10s)
[131/241] 12.2m wren 0-1 penny (adjudicated, 97 plies, 23s)
[132/241] 12.2m fig 0-1 juno (adjudicated, 63 plies, 17s)
[133/241] 12.2m juju 0-1 bram (mate, 56 plies, 15s)
[134/241] 12.2m kasparov ½-½ fischer (repetition, 90 plies, 102s)
[135/241] 12.2m bram 1-0 cleo (mate, 47 plies, 13s)
[136/241] 12.3m ollie 0-1 fig (resign, 102 plies, 25s)
[137/241] 12.3m juno 1-0 casey (resign, 63 plies, 17s)
[138/241] 12.3m casey 0-1 cleo (resign, 40 plies, 10s)
[139/241] 12.5m hugo 0-1 grumbles (resign, 24 plies, 13s)
[140/241] 12.5m juju 0-1 juno (adjudicated, 125 plies, 36s)
[141/241] 12.5m hugo 0-1 sasha (adjudicated, 65 plies, 19s)
[142/241] 12.5m casey 0-1 hugo (resign, 74 plies, 22s)
[143/241] 12.6m cleo 0-1 sasha (adjudicated, 79 plies, 22s)
[144/241] 12.6m sf2800 1-0 karpov (resign, 109 plies, 109s)
[145/241] 12.6m grumbles 1-0 sf1320 (mate, 23 plies, 16s)
[146/241] 12.7m sasha 1-0 sf1320 (adjudicated, 60 plies, 26s)
[147/241] 12.8m rook 1-0 basil (resign, 49 plies, 13s)
[148/241] 12.8m sf1320 1-0 rook (mate, 35 plies, 16s)
[149/241] 12.9m wanda 0-1 piotr (resign, 64 plies, 18s)
[150/241] 12.9m sf2500 ½-½ nimzo (repetition, 206 plies, 197s)
[151/241] 13.1m rook 1-0 wanda (adjudicated, 110 plies, 30s)
[152/241] 13.2m basil 1-0 piotr (mate, 135 plies, 38s)
[153/241] 13.4m wanda 0-1 sacky (mate, 56 plies, 40s)
[154/241] 13.4m spassky ½-½ topalov (repetition, 139 plies, 186s)
[155/241] 13.5m sf1600 0-1 ida (adjudicated, 60 plies, 26s)
[156/241] 13.5m piotr 0-1 sacky (mate, 62 plies, 45s)
[157/241] 13.5m yara 1-0 kasparov (resign, 101 plies, 140s)
[158/241] 13.7m piotr 1-0 sf1600 (adjudicated, 126 plies, 55s)
[159/241] 13.8m sf1320 0-1 basil (mate, 174 plies, 77s)
[160/241] 13.8m ezra 0-1 swap (mate, 44 plies, 24s)
[161/241] 13.9m grumbles 0-1 rook (adjudicated, 109 plies, 88s)
[162/241] 14.0m sacky 0-1 ida (adjudicated, 87 plies, 65s)
[163/241] 14.1m ida 0-1 swap (mate, 72 plies, 40s)
[164/241] 14.2m sasha 1-0 grumbles (adjudicated, 144 plies, 114s)
[165/241] 14.6m ezra ½-½ blaze (repetition, 99 plies, 68s)
[166/241] 14.7m sf1600 1-0 ezra (adjudicated, 200 plies, 89s)
[167/241] 14.7m swap 1-0 blaze (mate, 77 plies, 74s)
[168/241] 15.1m morphy 1-0 sf2200 (adjudicated, 64 plies, 57s)
[169/241] 15.2m bunker 0-1 morphy (mate, 64 plies, 75s)
[170/241] 15.2m blaze 0-1 sf1900 (mate, 90 plies, 84s)
[171/241] 15.6m sf1900 0-1 boa (adjudicated, 101 plies, 96s)
[172/241] 15.9m boa 0-1 sf2200 (resign, 86 plies, 77s)
[173/241] 16.1m swap ½-½ bunker (repetition, 147 plies, 156s)
[174/241] 16.2m morphy 1-0 boa (mate, 105 plies, 127s)
[175/241] 16.2m sacky 0-1 sf1600 (adjudicated, 215 plies, 200s)
[176/241] 16.3m tal 1-0 sf2500 (mate, 77 plies, 69s)
[177/241] 16.5m bunker ½-½ sf1900 (repetition, 167 plies, 157s)
[178/241] 16.5m sf2500 0-1 petrosian (mate, 86 plies, 79s)
[179/241] 16.6m nimzo 0-1 tal (resign, 94 plies, 114s)
[180/241] 16.6m blaze 0-1 bunker (adjudicated, 155 plies, 176s)
[181/241] 16.7m beans 0-1 nib (adjudicated, 60 plies, 12s)
[182/241] 16.8m nimzo 1-0 sf2500 (adjudicated, 110 plies, 103s)
[183/241] 16.9m pip 1-0 mochi (mate, 77 plies, 15s)
[184/241] 16.9m ziggy 0-1 pip (resign, 30 plies, 5s)
[185/241] 16.9m petrosian 0-1 topalov (resign, 72 plies, 80s)
[186/241] 17.0m ziggy 1-0 tato (adjudicated, 64 plies, 15s)
[187/241] 17.0m topalov ½-½ spassky (repetition, 52 plies, 51s)
[188/241] 17.0m wren 1-0 ziggy (resign, 25 plies, 6s)
[189/241] 17.0m penny 0-1 wren (mate, 46 plies, 8s)
[190/241] 17.1m tato ½-½ doug (material, 168 plies, 31s)
[191/241] 17.2m penny 0-1 ziggy (adjudicated, 60 plies, 15s)
[192/241] 17.2m boa 0-1 nimzo (resign, 124 plies, 150s)
[193/241] 17.2m ollie 0-1 momo (resign, 62 plies, 16s)
[194/241] 17.2m juno 1-0 fig (mate, 43 plies, 12s)
[195/241] 17.3m cleo 1-0 bram (mate, 17 plies, 5s)
[196/241] 17.3m bram 1-0 juju (mate, 35 plies, 10s)
[197/241] 17.4m casey 0-1 juno (resign, 48 plies, 14s)
[198/241] 17.5m cleo 1-0 casey (resign, 49 plies, 13s)
[199/241] 17.5m fig 0-1 ollie (adjudicated, 121 plies, 32s)
[200/241] 17.5m karpov 0-1 sf2800 (resign, 74 plies, 72s)
[201/241] 17.6m juju 1-0 fig (adjudicated, 126 plies, 34s)
[202/241] 17.6m juno 1-0 juju (resign, 85 plies, 25s)
[203/241] 17.6m petrosian 0-1 spassky (resign, 86 plies, 101s)
[204/241] 17.8m hugo 1-0 casey (adjudicated, 88 plies, 26s)
[205/241] 17.9m sasha 1-0 hugo (resign, 105 plies, 30s)
[206/241] 17.9m sasha 1-0 cleo (adjudicated, 132 plies, 37s)
[207/241] 18.1m rook 1-0 sf1320 (adjudicated, 66 plies, 29s)
[208/241] 18.1m sf1320 0-1 sasha (adjudicated, 83 plies, 37s)
[209/241] 18.1m basil 1-0 rook (mate, 49 plies, 14s)
[210/241] 18.1m wanda 0-1 rook (resign, 46 plies, 12s)
[211/241] 18.2m grumbles 1-0 sasha (resign, 53 plies, 42s)
[212/241] 18.4m rook 0-1 grumbles (mate, 68 plies, 49s)
[213/241] 18.5m basil 0-1 sf1320 (mate, 102 plies, 45s)
[214/241] 18.5m piotr 0-1 basil (mate, 90 plies, 25s)
[215/241] 18.5m grumbles 1-0 hugo (adjudicated, 80 plies, 63s)
[216/241] 18.5m piotr 1-0 wanda (adjudicated, 82 plies, 23s)
[217/241] 18.6m fischer ½-½ kasparov (repetition, 105 plies, 139s)
[218/241] 18.6m sf1600 1-0 piotr (mate, 45 plies, 20s)
[219/241] 18.6m sf1320 ½-½ grumbles (repetition, 69 plies, 65s)
[220/241] 18.8m sacky 1-0 piotr (resign, 57 plies, 41s)
[221/241] 18.9m sacky 1-0 wanda (adjudicated, 60 plies, 45s)
[222/241] 19.1m ezra 1-0 sf1600 (adjudicated, 80 plies, 35s)
[223/241] 19.1m ida 0-1 sf1600 (mate, 86 plies, 36s)
[224/241] 19.3m kasparov 0-1 yara (resign, 124 plies, 168s)
[225/241] 19.3m swap 1-0 ezra (mate, 69 plies, 43s)
[226/241] 19.3m blaze 1-0 ezra (mate, 63 plies, 43s)
[227/241] 19.3m blaze ½-½ swap (repetition, 52 plies, 39s)
[228/241] 19.4m topalov 0-1 fischer (resign, 142 plies, 196s)
[229/241] 19.9m swap 1-0 ida (resign, 131 plies, 82s)
[230/241] 20.1m ida 0-1 sacky (resign, 122 plies, 93s)
[231/241] 20.4m sf1900 0-1 blaze (adjudicated, 81 plies, 76s)
[232/241] 20.9m morphy 1-0 bunker (adjudicated, 82 plies, 97s)
[233/241] 20.9m bunker 1-0 blaze (mate, 113 plies, 122s)
[234/241] 20.9m sf1900 ½-½ bunker (repetition, 119 plies, 108s)
[235/241] 21.0m sf1600 1-0 sacky (adjudicated, 170 plies, 158s)
[236/241] 21.2m nimzo 1-0 boa (adjudicated, 68 plies, 80s)
[237/241] 21.3m boa 1-0 morphy (mate, 109 plies, 121s)
[238/241] 21.4m sf2200 0-1 boa (adjudicated, 129 plies, 120s)
[239/241] 21.4m tal 1-0 nimzo (resign, 67 plies, 83s)
[240/241] 21.7m sf2500 0-1 tal (mate, 56 plies, 50s)
[241/241] 21.7m boa 0-1 sf1900 (mate, 158 plies, 148s)
[242/242] 21.8m topalov 1-0 petrosian (resign, 45 plies, 51s)
[243/243] 22.1m spassky 1-0 petrosian (resign, 65 plies, 68s)
[244/244] 22.2m bunker 1-0 swap (adjudicated, 192 plies, 201s)
[245/245] 22.2m sf2200 ½-½ morphy (repetition, 188 plies, 177s)
[246/246] 22.4m spassky ½-½ topalov (repetition, 61 plies, 70s)
[247/247] 22.5m fischer 1-0 topalov (resign, 63 plies, 72s)
[248/248] 23.0m kasparov 1-0 fischer (mate, 87 plies, 93s)
[249/249] 23.0m petrosian 0-1 sf2500 (resign, 138 plies, 123s)
[250/250] 23.0m sf2500 1-0 nimzo (resign, 175 plies, 159s)
[251/251] 23.2m yara 1-0 kasparov (resign, 73 plies, 89s)
[252/252] 23.8m sf2800 ½-½ karpov (repetition, 151 plies, 144s)
